// Jest Snapshot v1, https://goo.gl/fbAQLP

exports[`Portal renders Portal with container 1`] = `
<div>
  Test
</div>
`;

exports[`Portal renders Portal with default options 1`] = `
<div>
  Test
</div>
`;

exports[`Portal renders Portal with disablePortal 1`] = `
<div>
  Test
</div>
`;
