// Jest Snapshot v1, https://goo.gl/fbAQLP

exports[`Ripple Snapshots renders Ripple with default options 1`] = `
<span
  className="ripple"
/>
`;
